#-----------------------------------------------------------
# Vivado v2018.3 (64-bit)
# SW Build 2405991 on Thu Dec  6 23:38:27 MST 2018
# IP Build 2404404 on Fri Dec  7 01:43:56 MST 2018
# Start of session at: Mon Mar 28 13:55:44 2022
# Process ID: 10780
# Current directory: C:/Users/Amr/OneDrive - University of Pittsburgh/Spring 2022/Teaching/ECE 1195/Labs/Lab 5 - 2D Image Convolution/lab5_template/vivado/lab5
# Command line: vivado.exe -gui_launcher_event rodinguilauncherevent21156 C:\Users\Amr\OneDrive - University of Pittsburgh\Spring 2022\Teaching\ECE 1195\Labs\Lab 5 - 2D Image Convolution\lab5_template\vivado\lab5\lab5.xpr
# Log file: C:/Users/Amr/OneDrive - University of Pittsburgh/Spring 2022/Teaching/ECE 1195/Labs/Lab 5 - 2D Image Convolution/lab5_template/vivado/lab5/vivado.log
# Journal file: C:/Users/Amr/OneDrive - University of Pittsburgh/Spring 2022/Teaching/ECE 1195/Labs/Lab 5 - 2D Image Convolution/lab5_template/vivado/lab5\vivado.jou
#-----------------------------------------------------------
start_gui
open_project {C:/Users/Amr/OneDrive - University of Pittsburgh/Spring 2022/Teaching/ECE 1195/Labs/Lab 5 - 2D Image Convolution/lab5_template/vivado/lab5/lab5.xpr}
update_compile_order -fileset sources_1
open_bd_design {C:/Users/Amr/OneDrive - University of Pittsburgh/Spring 2022/Teaching/ECE 1195/Labs/Lab 5 - 2D Image Convolution/lab5_template/vivado/lab5/lab5.srcs/sources_1/bd/system/system.bd}
